[
    {
        "id": 1,
        "sender_user_id": 164909,
        "sender_group_id": 25438,
        "receiver_user_id": 164912,
        "receiver_group_id": 25438,
        "amount": 2293,
        "created_at": "2024-07-10 00:59:13.402599",
        "sender_first_name": "Christine",
        "sender_last_name": "Maynard",
        "receiver_first_name": "Stacey",
        "receiver_last_name": "Price"
    },
    {
        "id": 2,
        "sender_user_id": 164912,
        "sender_group_id": 25438,
        "receiver_user_id": 164911,
        "receiver_group_id": 25438,
        "amount": 995,
        "created_at": "2024-07-10 00:59:13.402599",
        "sender_first_name": "Stacey",
        "sender_last_name": "Price",
        "receiver_first_name": "Amy",
        "receiver_last_name": "Moses"
    },
    {
        "id": 3,
        "sender_user_id": 164912,
        "sender_group_id": 25438,
        "receiver_user_id": 164914,
        "receiver_group_id": 25438,
        "amount": 170,
        "created_at": "2024-07-10 00:59:13.402599",
        "sender_first_name": "Stacey",
        "sender_last_name": "Price",
        "receiver_first_name": "Joel",
        "receiver_last_name": "Murphy"
    },
    {
        "id": 4,
        "sender_user_id": 95131,
        "sender_group_id": 14654,
        "receiver_user_id": 95133,
        "receiver_group_id": 14654,
        "amount": 7288,
        "created_at": "2024-07-10 00:59:13.402599",
        "sender_first_name": "Edgar",
        "sender_last_name": "Barker",
        "receiver_first_name": "Michelle",
        "receiver_last_name": "Carlson"
    },
    {
        "id": 5,
        "sender_user_id": 95131,
        "sender_group_id": 14654,
        "receiver_user_id": 95133,
        "receiver_group_id": 14654,
        "amount": 57,
        "created_at": "2024-07-10 00:59:13.402599",
        "sender_first_name": "Edgar",
        "sender_last_name": "Barker",
        "receiver_first_name": "Michelle",
        "receiver_last_name": "Carlson"
    },
    {
        "id": 6,
        "sender_user_id": 95132,
        "sender_group_id": 14654,
        "receiver_user_id": 95133,
        "receiver_group_id": 14654,
        "amount": 7149,
        "created_at": "2024-07-10 00:59:13.402599",
        "sender_first_name": "Denise",
        "sender_last_name": "Bishop",
        "receiver_first_name": "Michelle",
        "receiver_last_name": "Carlson"
    },
    {
        "id": 7,
        "sender_user_id": 96074,
        "sender_group_id": 53592,
        "receiver_user_id": 216250,
        "receiver_group_id": 53592,
        "amount": 271,
        "created_at": "2024-07-10 00:59:13.402599",
        "sender_first_name": "Todd",
        "sender_last_name": "Francis",
        "receiver_first_name": "Lisa",
        "receiver_last_name": "Graves"
    },
    {
        "id": 8,
        "sender_user_id": 216250,
        "sender_group_id": 53592,
        "receiver_user_id": 231963,
        "receiver_group_id": 53592,
        "amount": 1652,
        "created_at": "2024-07-10 00:59:13.402599",
        "sender_first_name": "Lisa",
        "sender_last_name": "Graves",
        "receiver_first_name": "Daniel",
        "receiver_last_name": "Simmons"
    },
    {
        "id": 9,
        "sender_user_id": 216250,
        "sender_group_id": 53592,
        "receiver_user_id": 231963,
        "receiver_group_id": 53592,
        "amount": 72,
        "created_at": "2024-07-10 00:59:13.402599",
        "sender_first_name": "Lisa",
        "sender_last_name": "Graves",
        "receiver_first_name": "Daniel",
        "receiver_last_name": "Simmons"
    },
    {
        "id": 10,
        "sender_user_id": 283560,
        "sender_group_id": 43645,
        "receiver_user_id": 283567,
        "receiver_group_id": 43645,
        "amount": 64,
        "created_at": "2024-07-10 00:59:13.402599",
        "sender_first_name": "Charles",
        "sender_last_name": "Hanson",
        "receiver_first_name": "Patricia",
        "receiver_last_name": "May"
    }
]