[
    {
        "from_user_id": 21,
        "to_user_id": 23,
        "group_id": 4,
        "amount": 63,
        "from_first_name": "Evan",
        "from_last_name": "Mcgee",
        "to_first_name": "Malik",
        "to_last_name": "Moody"
    },
    {
        "from_user_id": 21,
        "to_user_id": 27,
        "group_id": 4,
        "amount": 4566,
        "from_first_name": "Evan",
        "from_last_name": "Mcgee",
        "to_first_name": "Alexis",
        "to_last_name": "Sanders"
    },
    {
        "from_user_id": 26,
        "to_user_id": 27,
        "group_id": 4,
        "amount": 4859,
        "from_first_name": "Luis",
        "from_last_name": "Mclean",
        "to_first_name": "Alexis",
        "to_last_name": "Sanders"
    },
    {
        "from_user_id": 21,
        "to_user_id": 22,
        "group_id": 4,
        "amount": 3394,
        "from_first_name": "Evan",
        "from_last_name": "Mcgee",
        "to_first_name": "Brendan",
        "to_last_name": "Martin"
    },
    {
        "from_user_id": 26,
        "to_user_id": 23,
        "group_id": 4,
        "amount": 540,
        "from_first_name": "Luis",
        "from_last_name": "Mclean",
        "to_first_name": "Malik",
        "to_last_name": "Moody"
    },
    {
        "from_user_id": 22,
        "to_user_id": 27,
        "group_id": 4,
        "amount": 1183,
        "from_first_name": "Brendan",
        "from_last_name": "Martin",
        "to_first_name": "Alexis",
        "to_last_name": "Sanders"
    },
    {
        "from_user_id": 26,
        "to_user_id": 25,
        "group_id": 4,
        "amount": 4144,
        "from_first_name": "Luis",
        "from_last_name": "Mclean",
        "to_first_name": "Joseph",
        "to_last_name": "Morrow"
    },
    {
        "from_user_id": 24,
        "to_user_id": 23,
        "group_id": 4,
        "amount": 1381,
        "from_first_name": "Ricky",
        "from_last_name": "Hays",
        "to_first_name": "Malik",
        "to_last_name": "Moody"
    },
    {
        "from_user_id": 24,
        "to_user_id": 22,
        "group_id": 4,
        "amount": 4551,
        "from_first_name": "Ricky",
        "from_last_name": "Hays",
        "to_first_name": "Brendan",
        "to_last_name": "Martin"
    },
    {
        "from_user_id": 24,
        "to_user_id": 21,
        "group_id": 4,
        "amount": 1150,
        "from_first_name": "Ricky",
        "from_last_name": "Hays",
        "to_first_name": "Evan",
        "to_last_name": "Mcgee"
    },
    {
        "from_user_id": 24,
        "to_user_id": 27,
        "group_id": 4,
        "amount": 5721,
        "from_first_name": "Ricky",
        "from_last_name": "Hays",
        "to_first_name": "Alexis",
        "to_last_name": "Sanders"
    },
    {
        "from_user_id": 24,
        "to_user_id": 26,
        "group_id": 4,
        "amount": 862,
        "from_first_name": "Ricky",
        "from_last_name": "Hays",
        "to_first_name": "Luis",
        "to_last_name": "Mclean"
    },
    {
        "from_user_id": 24,
        "to_user_id": 25,
        "group_id": 4,
        "amount": 5004,
        "from_first_name": "Ricky",
        "from_last_name": "Hays",
        "to_first_name": "Joseph",
        "to_last_name": "Morrow"
    }
]