[
    {
        "id": 1,
        "name": "Book Club",
        "optimize_payments": true,
        "created_at": "2024-06-20 22:31:50.133020"
    },
    {
        "id": 2,
        "name": "Suite 203",
        "optimize_payments": false,
        "created_at": "2024-06-20 22:31:50.133020"
    },
    {
        "id": 3,
        "name": "Theater Club",
        "optimize_payments": true,
        "created_at": "2024-06-20 22:31:50.133020"
    },
    {
        "id": 4,
        "name": "Pizza Pals",
        "optimize_payments": false,
        "created_at": "2024-06-20 22:31:50.133020"
    },
    {
        "id": 5,
        "name": "The Beatles",
        "optimize_payments": false,
        "created_at": "2024-06-20 22:31:50.133020"
    },
    {
        "id": 6,
        "name": "The Three Stooges",
        "optimize_payments": false,
        "created_at": "2024-06-20 22:31:50.133020"
    },
    {
        "id": 7,
        "name": "Gang of Four",
        "optimize_payments": true,
        "created_at": "2024-06-20 22:31:50.133020"
    }
]