[
    {
        "id": 54880,
        "name": "Test Group",
        "optimize_payments": false,
        "created_at": "2024-07-10 02:21:58.394255"
    }
]