[
    {
        "from_user_id": 18,
        "to_user_id": 20,
        "group_id": 4,
        "amount": 11832,
        "from_first_name": "Rebecca",
        "from_last_name": "Zhang",
        "to_first_name": "Tracy",
        "to_last_name": "Thompson"
    },
    {
        "from_user_id": 20,
        "to_user_id": 16,
        "group_id": 4,
        "amount": 86,
        "from_first_name": "Tracy",
        "from_last_name": "Thompson",
        "to_first_name": "Payton",
        "to_last_name": "Wu"
    },
    {
        "from_user_id": 17,
        "to_user_id": 18,
        "group_id": 4,
        "amount": 1109,
        "from_first_name": "Quincy",
        "from_last_name": "McTavish",
        "to_first_name": "Rebecca",
        "to_last_name": "Zhang"
    },
    {
        "from_user_id": 17,
        "to_user_id": 16,
        "group_id": 4,
        "amount": 331,
        "from_first_name": "Quincy",
        "from_last_name": "McTavish",
        "to_first_name": "Payton",
        "to_last_name": "Wu"
    },
    {
        "from_user_id": 16,
        "to_user_id": 18,
        "group_id": 4,
        "amount": 778,
        "from_first_name": "Payton",
        "from_last_name": "Wu",
        "to_first_name": "Rebecca",
        "to_last_name": "Zhang"
    },
    {
        "from_user_id": 19,
        "to_user_id": 16,
        "group_id": 4,
        "amount": 1331,
        "from_first_name": "Samuel",
        "from_last_name": "Odoh",
        "to_first_name": "Payton",
        "to_last_name": "Wu"
    },
    {
        "from_user_id": 17,
        "to_user_id": 19,
        "group_id": 4,
        "amount": 5712,
        "from_first_name": "Quincy",
        "from_last_name": "McTavish",
        "to_first_name": "Samuel",
        "to_last_name": "Odoh"
    },
    {
        "from_user_id": 17,
        "to_user_id": 20,
        "group_id": 4,
        "amount": 911,
        "from_first_name": "Quincy",
        "from_last_name": "McTavish",
        "to_first_name": "Tracy",
        "to_last_name": "Thompson"
    },
    {
        "from_user_id": 19,
        "to_user_id": 20,
        "group_id": 4,
        "amount": 1245,
        "from_first_name": "Samuel",
        "from_last_name": "Odoh",
        "to_first_name": "Tracy",
        "to_last_name": "Thompson"
    },
    {
        "from_user_id": 19,
        "to_user_id": 18,
        "group_id": 4,
        "amount": 2109,
        "from_first_name": "Samuel",
        "from_last_name": "Odoh",
        "to_first_name": "Rebecca",
        "to_last_name": "Zhang"
    }
]