[
    {
        "id": 8,
        "name": "Test Group",
        "optimize_payments": false,
        "created_at": "2024-06-20 22:31:50.335256"
    }
]