[
    {
        "group_id": 1,
        "name": "Fridge Restocking",
        "created_at": "2024-06-20 23:32:56.892111",
        "id": 1
    }
]