[
    {
        "group_id": 1,
        "name": "Fridge Restocking",
        "created_at": "2024-06-20 21:05:11.315379",
        "id": 1
    }
]