[
    {
        "id": 1,
        "item_name": "Milk",
        "quantity": 1,
        "notes": null,
        "completed": true,
        "member": {
            "user_id": 1,
            "group_id": 1,
            "first_name": "Alice",
            "last_name": "Camley"
        }
    },
    {
        "id": 2,
        "item_name": "Almond Milk",
        "quantity": 1,
        "notes": "vanilla flavour",
        "completed": true,
        "member": {
            "user_id": 1,
            "group_id": 1,
            "first_name": "Alice",
            "last_name": "Camley"
        }
    },
    {
        "id": 3,
        "item_name": "Hummus",
        "quantity": 2,
        "notes": null,
        "completed": false,
        "member": {
            "user_id": 2,
            "group_id": 1,
            "first_name": "Robert",
            "last_name": "Strauss"
        }
    },
    {
        "id": 4,
        "item_name": "Ketchup",
        "quantity": 1,
        "notes": null,
        "completed": false,
        "member": {
            "user_id": 3,
            "group_id": 1,
            "first_name": "Carol",
            "last_name": "Hirose"
        }
    },
    {
        "id": 5,
        "item_name": "Wasabi Peas",
        "quantity": 3,
        "notes": "Meeting snack",
        "completed": true,
        "member": {
            "user_id": 6,
            "group_id": 1,
            "first_name": "Francesco",
            "last_name": "Mengoni"
        }
    }
]