[
    {
        "group_id": 1,
        "name": "Fridge Restocking",
        "created_at": "2024-07-10 03:31:29.801733",
        "id": 1
    }
]