[{'first_name': 'Carol', 'last_name': 'Hirose', 'email': 'carol@gmail.com'}]