[
    {
        "id": 1,
        "name": "Book Club",
        "optimize_payments": true,
        "created_at": "2024-06-20 22:31:49.898613"
    },
    {
        "id": 6,
        "name": "The Three Stooges",
        "optimize_payments": false,
        "created_at": "2024-06-20 22:31:49.898613"
    }
]