[
    {
        "id": 1,
        "name": "Book Club",
        "optimize_payments": true,
        "created_at": "2024-06-20 22:31:49.655944"
    }
]