[
    {
        "id": 8,
        "name": "May Rent",
        "category": "Rent",
        "total_cost": 495000,
        "purchaser_user_id": 7,
        "purchaser_first_name": "Grace",
        "purchaser_last_name": "Park"
    },
    {
        "id": 9,
        "name": "June Rent",
        "category": "Rent",
        "total_cost": 495000,
        "purchaser_user_id": 7,
        "purchaser_first_name": "Grace",
        "purchaser_last_name": "Park"
    },
    {
        "id": 10,
        "name": "May 23 Groceries",
        "category": "Food",
        "total_cost": 17043,
        "purchaser_user_id": 8,
        "purchaser_first_name": "Heidi",
        "purchaser_last_name": "Smith"
    },
    {
        "id": 11,
        "name": "YouTube Premium",
        "category": "Entertainment",
        "total_cost": 2499,
        "purchaser_user_id": 9,
        "purchaser_first_name": "Ivan",
        "purchaser_last_name": "Shevchenko"
    },
    {
        "id": 12,
        "name": "May 26 Dinner",
        "category": "Food",
        "total_cost": 7040,
        "purchaser_user_id": 9,
        "purchaser_first_name": "Ivan",
        "purchaser_last_name": "Shevchenko"
    },
    {
        "id": 13,
        "name": "Utilities",
        "category": "Utilities",
        "total_cost": 15000,
        "purchaser_user_id": 10,
        "purchaser_first_name": "Judy",
        "purchaser_last_name": "Schroeder"
    },
    {
        "id": 14,
        "name": "Pet Supplies",
        "category": "Other",
        "total_cost": 4550,
        "purchaser_user_id": 10,
        "purchaser_first_name": "Judy",
        "purchaser_last_name": "Schroeder"
    },
    {
        "id": 15,
        "name": "June 1 Groceries",
        "category": "Food",
        "total_cost": 12050,
        "purchaser_user_id": 8,
        "purchaser_first_name": "Heidi",
        "purchaser_last_name": "Smith"
    }
]