[
    {
        "id": 1,
        "category": "Rent",
        "name": "Purchase 1",
        "total_cost": 7165,
        "created_at": "2024-07-10 01:49:33.838023"
    }
]