[
    {
        "id": 1,
        "sender_user_id": 1,
        "sender_group_id": 1,
        "receiver_user_id": 2,
        "receiver_group_id": 1,
        "amount": 100,
        "created_at": "2024-06-20 22:31:48.875192",
        "sender_first_name": "Alice",
        "sender_last_name": "Camley",
        "receiver_first_name": "Robert",
        "receiver_last_name": "Strauss"
    },
    {
        "id": 2,
        "sender_user_id": 1,
        "sender_group_id": 1,
        "receiver_user_id": 3,
        "receiver_group_id": 1,
        "amount": 200,
        "created_at": "2024-06-20 22:31:48.875192",
        "sender_first_name": "Alice",
        "sender_last_name": "Camley",
        "receiver_first_name": "Carol",
        "receiver_last_name": "Hirose"
    },
    {
        "id": 3,
        "sender_user_id": 1,
        "sender_group_id": 1,
        "receiver_user_id": 4,
        "receiver_group_id": 1,
        "amount": 300,
        "created_at": "2024-06-20 22:31:48.875192",
        "sender_first_name": "Alice",
        "sender_last_name": "Camley",
        "receiver_first_name": "Daniel",
        "receiver_last_name": "Dubois"
    },
    {
        "id": 4,
        "sender_user_id": 2,
        "sender_group_id": 1,
        "receiver_user_id": 1,
        "receiver_group_id": 1,
        "amount": 400,
        "created_at": "2024-06-20 22:31:48.875192",
        "sender_first_name": "Robert",
        "sender_last_name": "Strauss",
        "receiver_first_name": "Alice",
        "receiver_last_name": "Camley"
    },
    {
        "id": 5,
        "sender_user_id": 2,
        "sender_group_id": 1,
        "receiver_user_id": 3,
        "receiver_group_id": 1,
        "amount": 500,
        "created_at": "2024-06-20 22:31:48.875192",
        "sender_first_name": "Robert",
        "sender_last_name": "Strauss",
        "receiver_first_name": "Carol",
        "receiver_last_name": "Hirose"
    },
    {
        "id": 6,
        "sender_user_id": 11,
        "sender_group_id": 3,
        "receiver_user_id": 12,
        "receiver_group_id": 3,
        "amount": 600,
        "created_at": "2024-06-20 22:31:48.875192",
        "sender_first_name": "Kris",
        "sender_last_name": "Ramos",
        "receiver_first_name": "Lee",
        "receiver_last_name": "Baldwin"
    },
    {
        "id": 7,
        "sender_user_id": 11,
        "sender_group_id": 3,
        "receiver_user_id": 13,
        "receiver_group_id": 3,
        "amount": 700,
        "created_at": "2024-06-20 22:31:48.875192",
        "sender_first_name": "Kris",
        "sender_last_name": "Ramos",
        "receiver_first_name": "Michael",
        "receiver_last_name": "Tatanka"
    },
    {
        "id": 8,
        "sender_user_id": 11,
        "sender_group_id": 5,
        "receiver_user_id": 12,
        "receiver_group_id": 5,
        "amount": 800,
        "created_at": "2024-06-20 22:31:48.875192",
        "sender_first_name": "Kris",
        "sender_last_name": "Ramos",
        "receiver_first_name": "Lee",
        "receiver_last_name": "Baldwin"
    },
    {
        "id": 9,
        "sender_user_id": 11,
        "sender_group_id": 5,
        "receiver_user_id": 5,
        "receiver_group_id": 5,
        "amount": 900,
        "created_at": "2024-06-20 22:31:48.875192",
        "sender_first_name": "Kris",
        "sender_last_name": "Ramos",
        "receiver_first_name": "Eve",
        "receiver_last_name": "Butler"
    },
    {
        "id": 10,
        "sender_user_id": 2,
        "sender_group_id": 6,
        "receiver_user_id": 9,
        "receiver_group_id": 6,
        "amount": 1000,
        "created_at": "2024-06-20 22:31:48.875192",
        "sender_first_name": "Robert",
        "sender_last_name": "Strauss",
        "receiver_first_name": "Ivan",
        "receiver_last_name": "Shevchenko"
    }
]