[
    {
        "id": 1,
        "name": "Group 1",
        "optimize_payments": true,
        "created_at": "2024-07-10 00:55:01.007734"
    }
]