[
    {
        "id": 1,
        "name": "Book Club",
        "optimize_payments": true,
        "created_at": "2024-07-10 03:31:29.489669"
    }
]