[
    {
        "id": 1,
        "name": "Group 1",
        "optimize_payments": true,
        "created_at": "2024-07-10 00:55:01.007734",
        "users": [
            {
                "id": 1,
                "email": "teresamiller@gmail.com",
                "first_name": "Teresa",
                "last_name": "Miller"
            },
            {
                "id": 2,
                "email": "crystalgregory@gmail.com",
                "first_name": "Crystal",
                "last_name": "Gregory"
            },
            {
                "id": 3,
                "email": "eddiecline@gmail.com",
                "first_name": "Eddie",
                "last_name": "Cline"
            },
            {
                "id": 4,
                "email": "monicaschwartz@gmail.com",
                "first_name": "Monica",
                "last_name": "Schwartz"
            },
            {
                "id": 5,
                "email": "jefferylynch@gmail.com",
                "first_name": "Jeffery",
                "last_name": "Lynch"
            }
        ]
    }
]