[
    {
        "id": 8,
        "name": "Test Group",
        "optimize_payments": false,
        "created_at": "2024-07-10 03:31:29.592753"
    }
]