[
    {
        "id": 1,
        "name": "Group 1",
        "optimize_payments": true,
        "created_at": "2024-07-10 00:55:01.007734"
    },
    {
        "id": 2,
        "name": "Group 2",
        "optimize_payments": true,
        "created_at": "2024-07-10 00:55:01.007734"
    },
    {
        "id": 3,
        "name": "Group 3",
        "optimize_payments": true,
        "created_at": "2024-07-10 00:55:01.007734"
    },
    {
        "id": 4,
        "name": "Group 4",
        "optimize_payments": false,
        "created_at": "2024-07-10 00:55:01.007734"
    },
    {
        "id": 5,
        "name": "Group 5",
        "optimize_payments": true,
        "created_at": "2024-07-10 00:55:01.007734"
    },
    {
        "id": 6,
        "name": "Group 6",
        "optimize_payments": false,
        "created_at": "2024-07-10 00:55:01.007734"
    },
    {
        "id": 7,
        "name": "Group 7",
        "optimize_payments": false,
        "created_at": "2024-07-10 00:55:01.007734"
    },
    {
        "id": 8,
        "name": "Group 8",
        "optimize_payments": true,
        "created_at": "2024-07-10 00:55:01.007734"
    },
    {
        "id": 9,
        "name": "Group 9",
        "optimize_payments": true,
        "created_at": "2024-07-10 00:55:01.007734"
    },
    {
        "id": 10,
        "name": "Group 10",
        "optimize_payments": false,
        "created_at": "2024-07-10 00:55:01.007734"
    }
]