[
    {
        "id": 1,
        "name": "Test Group",
        "optimize_payments": false,
        "created_at": "2024-07-10 01:48:04.775572"
    }
]