[{
    "group_id": 1,
    "name": "Party Night",
    "created_at": "2024-07-10 03:08:26.216535",
    "id": 54878
}]