[
    {
        "group_id": 1,
        "name": "Party Night",
        "created_at": "2024-07-10 03:08:26.216535",
        "id": 54878
    },
    {
        "group_id": 1,
        "name": "Party Night",
        "created_at": "2024-07-10 03:09:36.610325",
        "id": 54879
    },
    {
        "group_id": 1,
        "name": "Party Night",
        "created_at": "2024-07-10 03:11:17.743845",
        "id": 54880
    },
    {
        "group_id": 1,
        "name": "Party Night",
        "created_at": "2024-07-10 03:12:10.258589",
        "id": 54881
    }
]