[
    {
        "id": 1,
        "name": "April Meeting Snacks",
        "category": "Food",
        "total_cost": 9890,
        "purchaser_user_id": 1,
        "purchaser_first_name": "Alice",
        "purchaser_last_name": "Camley"
    },
    {
        "id": 5,
        "name": "May Meeting Snacks",
        "category": "Food",
        "total_cost": 13470,
        "purchaser_user_id": 1,
        "purchaser_first_name": "Alice",
        "purchaser_last_name": "Camley"
    }
]